
*** sererr/src/lib.rs:157:5: replace populate_source_context with ()

*** mutation diff:
--- sererr/src/lib.rs
+++ replace populate_source_context with ()
@@ -149,32 +149,17 @@
 ///
 /// No-op when the provider returns `None`, when the frame's `line` is
 /// 0 (unknown), or when the file content is shorter than `frame.line`.
 pub fn populate_source_context<P: SourceProvider>(
     frame: &mut StackFrame,
     provider: &P,
     surrounding: usize,
 ) {
-    if frame.line == 0 {
-        return;
-    }
-    let Some(source) = provider.get_source(&frame.file) else {
-        return;
-    };
-    let lines: Vec<&str> = source.lines().collect();
-    let idx = (frame.line as usize).saturating_sub(1);
-    if idx >= lines.len() {
-        return;
-    }
-    frame.context_line = lines[idx].to_string();
-    let start = idx.saturating_sub(surrounding);
-    frame.pre_context = lines[start..idx].iter().map(|s| s.to_string()).collect();
-    let end = (idx + 1 + surrounding).min(lines.len());
-    frame.post_context = lines[idx + 1..end].iter().map(|s| s.to_string()).collect();
+    () /* ~ changed by cargo-mutants ~ */
 }
 
 /// Adapter shape for the gRPC error model (`google.rpc.DebugInfo`).
 ///
 /// Plain Rust struct, wire-compatible with `google.rpc.DebugInfo`. Use
 /// [`to_debug_info`] to render a capture into this shape. The
 /// `sererr-proto` crate provides a `From<DebugInfo> for
 /// google_rpc::DebugInfo` conversion when you need the actual proto


*** /home/babbitt/.rustup/toolchains/stable-x86_64-unknown-linux-gnu/bin/cargo test --no-run --verbose --package=sererr@0.1.0
       Fresh adler2 v2.0.1
       Fresh gimli v0.32.3
       Fresh memchr v2.8.0
       Fresh object v0.37.3
       Fresh addr2line v0.25.1
       Fresh miniz_oxide v0.8.9
       Fresh libc v0.2.186
       Fresh cfg-if v1.0.4
       Fresh rustc-demangle v0.1.27
       Fresh backtrace v0.3.76
       Dirty sererr v0.1.0 (/home/babbitt/workspace/sererr/packages/rust/sererr): the file `sererr/src/lib.rs` has changed (1778980604.237336769s, 53s after last build at 1778980551.433672301s)
   Compiling sererr v0.1.0 (/home/babbitt/workspace/sererr/packages/rust/sererr)
     Running `/home/babbitt/.rustup/toolchains/stable-x86_64-unknown-linux-gnu/bin/rustc --crate-name sererr --edition=2021 sererr/src/lib.rs --error-format=json --json=diagnostic-rendered-ansi,artifacts,future-incompat --crate-type lib --emit=dep-info,metadata,link -C embed-bitcode=no -C debuginfo=2 --forbid=unsafe_code --deny=missing_docs --check-cfg 'cfg(docsrs,test)' --check-cfg 'cfg(feature, values())' -C metadata=2ae02d1a6358fea8 -C extra-filename=-e22013d4cff5d55c --out-dir /home/babbitt/workspace/sererr/packages/rust/target/debug/deps -C incremental=/home/babbitt/workspace/sererr/packages/rust/target/debug/incremental -L dependency=/home/babbitt/workspace/sererr/packages/rust/target/debug/deps --extern backtrace=/home/babbitt/workspace/sererr/packages/rust/target/debug/deps/libbacktrace-a681e93df78b2584.rmeta`
     Running `/home/babbitt/.rustup/toolchains/stable-x86_64-unknown-linux-gnu/bin/rustc --crate-name sererr --edition=2021 sererr/src/lib.rs --error-format=json --json=diagnostic-rendered-ansi,artifacts,future-incompat --emit=dep-info,link -C embed-bitcode=no -C debuginfo=2 --forbid=unsafe_code --deny=missing_docs --test --check-cfg 'cfg(docsrs,test)' --check-cfg 'cfg(feature, values())' -C metadata=7aa22a09ef871695 -C extra-filename=-fe31dc75abc0f4c4 --out-dir /home/babbitt/workspace/sererr/packages/rust/target/debug/deps -C incremental=/home/babbitt/workspace/sererr/packages/rust/target/debug/incremental -L dependency=/home/babbitt/workspace/sererr/packages/rust/target/debug/deps --extern backtrace=/home/babbitt/workspace/sererr/packages/rust/target/debug/deps/libbacktrace-a681e93df78b2584.rlib`
warning: unused variable: `frame`
   --> sererr/src/lib.rs:153:5
    |
153 |     frame: &mut StackFrame,
    |     ^^^^^ help: if this is intentional, prefix it with an underscore: `_frame`
    |
    = note: `#[warn(unused_variables)]` (part of `#[warn(unused)]`) on by default

warning: unused variable: `provider`
   --> sererr/src/lib.rs:154:5
    |
154 |     provider: &P,
    |     ^^^^^^^^ help: if this is intentional, prefix it with an underscore: `_provider`

warning: unused variable: `surrounding`
   --> sererr/src/lib.rs:155:5
    |
155 |     surrounding: usize,
    |     ^^^^^^^^^^^ help: if this is intentional, prefix it with an underscore: `_surrounding`

warning: `sererr` (lib) generated 3 warnings (run `cargo fix --lib -p sererr` to apply 3 suggestions)
     Running `/home/babbitt/.rustup/toolchains/stable-x86_64-unknown-linux-gnu/bin/rustc --crate-name source_provider_test --edition=2021 sererr/tests/source_provider_test.rs --error-format=json --json=diagnostic-rendered-ansi,artifacts,future-incompat --emit=dep-info,link -C embed-bitcode=no -C debuginfo=2 --forbid=unsafe_code --deny=missing_docs --test --check-cfg 'cfg(docsrs,test)' --check-cfg 'cfg(feature, values())' -C metadata=99895e4ef7afd86d -C extra-filename=-6752bef0baffa3d9 --out-dir /home/babbitt/workspace/sererr/packages/rust/target/debug/deps -C incremental=/home/babbitt/workspace/sererr/packages/rust/target/debug/incremental -L dependency=/home/babbitt/workspace/sererr/packages/rust/target/debug/deps --extern backtrace=/home/babbitt/workspace/sererr/packages/rust/target/debug/deps/libbacktrace-a681e93df78b2584.rlib --extern sererr=/home/babbitt/workspace/sererr/packages/rust/target/debug/deps/libsererr-e22013d4cff5d55c.rlib`
     Running `/home/babbitt/.rustup/toolchains/stable-x86_64-unknown-linux-gnu/bin/rustc --crate-name capture_test --edition=2021 sererr/tests/capture_test.rs --error-format=json --json=diagnostic-rendered-ansi,artifacts,future-incompat --emit=dep-info,link -C embed-bitcode=no -C debuginfo=2 --forbid=unsafe_code --deny=missing_docs --test --check-cfg 'cfg(docsrs,test)' --check-cfg 'cfg(feature, values())' -C metadata=6616cfb7ce766ce3 -C extra-filename=-170d30ec5cfc327a --out-dir /home/babbitt/workspace/sererr/packages/rust/target/debug/deps -C incremental=/home/babbitt/workspace/sererr/packages/rust/target/debug/incremental -L dependency=/home/babbitt/workspace/sererr/packages/rust/target/debug/deps --extern backtrace=/home/babbitt/workspace/sererr/packages/rust/target/debug/deps/libbacktrace-a681e93df78b2584.rlib --extern sererr=/home/babbitt/workspace/sererr/packages/rust/target/debug/deps/libsererr-e22013d4cff5d55c.rlib`
warning: `sererr` (lib test) generated 3 warnings (3 duplicates)
    Finished `test` profile [unoptimized + debuginfo] target(s) in 0.47s
  Executable `/home/babbitt/workspace/sererr/packages/rust/target/debug/deps/sererr-fe31dc75abc0f4c4`
  Executable `/home/babbitt/workspace/sererr/packages/rust/target/debug/deps/capture_test-170d30ec5cfc327a`
  Executable `/home/babbitt/workspace/sererr/packages/rust/target/debug/deps/source_provider_test-6752bef0baffa3d9`

*** result: Success

*** /home/babbitt/.rustup/toolchains/stable-x86_64-unknown-linux-gnu/bin/cargo test --verbose --package=sererr@0.1.0
       Fresh adler2 v2.0.1
       Fresh gimli v0.32.3
       Fresh memchr v2.8.0
       Fresh object v0.37.3
       Fresh addr2line v0.25.1
       Fresh miniz_oxide v0.8.9
       Fresh libc v0.2.186
       Fresh cfg-if v1.0.4
       Fresh rustc-demangle v0.1.27
       Fresh backtrace v0.3.76
warning: unused variable: `frame`
   --> sererr/src/lib.rs:153:5
    |
153 |     frame: &mut StackFrame,
    |     ^^^^^ help: if this is intentional, prefix it with an underscore: `_frame`
    |
    = note: `#[warn(unused_variables)]` (part of `#[warn(unused)]`) on by default

warning: unused variable: `provider`
   --> sererr/src/lib.rs:154:5
    |
154 |     provider: &P,
    |     ^^^^^^^^ help: if this is intentional, prefix it with an underscore: `_provider`

warning: unused variable: `surrounding`
   --> sererr/src/lib.rs:155:5
    |
155 |     surrounding: usize,
    |     ^^^^^^^^^^^ help: if this is intentional, prefix it with an underscore: `_surrounding`

warning: `sererr` (lib) generated 3 warnings (run `cargo fix --lib -p sererr` to apply 3 suggestions)
       Fresh sererr v0.1.0 (/home/babbitt/workspace/sererr/packages/rust/sererr)
warning: `sererr` (lib test) generated 3 warnings (3 duplicates)
    Finished `test` profile [unoptimized + debuginfo] target(s) in 0.02s
     Running `/home/babbitt/workspace/sererr/packages/rust/target/debug/deps/sererr-fe31dc75abc0f4c4`

running 0 tests

test result: ok. 0 passed; 0 failed; 0 ignored; 0 measured; 0 filtered out; finished in 0.00s

     Running `/home/babbitt/workspace/sererr/packages/rust/target/debug/deps/capture_test-170d30ec5cfc327a`

running 21 tests
test frame_with_file_and_line_renders_with_parens_and_colon ... ok
test frame_with_no_function_renders_unknown ... ok
test frame_with_no_file_renders_bare ... ok
test is_app_frame_classifies_runtime_libs_as_not_in_app ... ok
test is_app_frame_classifies_user_code_as_in_app ... ok
test is_app_frame_classifies_stdlib_as_not_in_app ... ok
test to_debug_info_handles_empty_chain ... ok
test frame_with_file_but_no_line_renders_without_colon ... ok
test captured_frames_have_function ... ok
test mechanism_ids_stamped_correctly ... ok
test captured_frames_have_file ... ok
test to_debug_info_outermost_has_no_caused_by_prefix ... ok
test chain_walks_source_most_causal_first ... ok
test to_debug_info_single_entry_has_no_caused_by ... ok
test single_error_produces_one_entry ... ok
test frames_are_populated_most_recent_first ... ok
test captured_frames_have_line ... ok
test captured_frames_mark_user_code_in_app ... ok
test to_debug_info_flattens_chain ... ok
test default_mechanism_is_generic_handled ... ok
test empty_release_and_server_are_stored ... ok

test result: ok. 21 passed; 0 failed; 0 ignored; 0 measured; 0 filtered out; finished in 0.18s

     Running `/home/babbitt/workspace/sererr/packages/rust/target/debug/deps/source_provider_test-6752bef0baffa3d9`

running 5 tests
test line_zero_is_a_noop ... ok
test context_clamps_at_file_boundaries ... FAILED
test line_past_eof_is_a_noop ... ok
test missing_file_is_a_noop ... ok
test populates_context_around_line ... FAILED

failures:

---- context_clamps_at_file_boundaries stdout ----

thread 'context_clamps_at_file_boundaries' (3590227) panicked at sererr/tests/source_provider_test.rs:140:5:
assertion `left == right` failed
  left: ""
 right: "fn one() {"
note: run with `RUST_BACKTRACE=1` environment variable to display a backtrace

---- populates_context_around_line stdout ----

thread 'populates_context_around_line' (3590231) panicked at sererr/tests/source_provider_test.rs:51:5:
assertion `left == right` failed
  left: ""
 right: "    let x = 2;"


failures:
    context_clamps_at_file_boundaries
    populates_context_around_line

test result: FAILED. 3 passed; 2 failed; 0 ignored; 0 measured; 0 filtered out; finished in 0.00s

error: test failed, to rerun pass `-p sererr --test source_provider_test`

*** result: Failure(101)
