
*** sererr-proto/src/lib.rs:141:9: replace <impl From<ProtoStackFrame> for sererr::StackFrame>::from -> Self with Default::default()

*** mutation diff:
--- sererr-proto/src/lib.rs
+++ replace <impl From<ProtoStackFrame> for sererr::StackFrame>::from -> Self with Default::default()
@@ -133,29 +133,17 @@
         }
     }
 }
 
 // ---------- proto → plain ----------
 
 impl From<ProtoStackFrame> for sererr::StackFrame {
     fn from(f: ProtoStackFrame) -> Self {
-        sererr::StackFrame {
-            function: f.function,
-            module: f.module,
-            package: f.package,
-            file: f.file,
-            abs_path: f.abs_path,
-            line: f.line,
-            context_line: f.context_line,
-            pre_context: f.pre_context,
-            post_context: f.post_context,
-            source_link: f.source_link,
-            in_app: f.in_app,
-        }
+        Default::default() /* ~ changed by cargo-mutants ~ */
     }
 }
 
 impl From<ProtoExceptionMechanism> for sererr::ExceptionMechanism {
     fn from(m: ProtoExceptionMechanism) -> Self {
         sererr::ExceptionMechanism {
             r#type: m.r#type,
             description: m.description,


*** /home/babbitt/.rustup/toolchains/stable-x86_64-unknown-linux-gnu/bin/cargo test --no-run --verbose --package=sererr-proto@0.1.0
       Fresh unicode-ident v1.0.24
       Fresh memchr v2.8.0
       Fresh either v1.15.0
       Fresh gimli v0.32.3
       Fresh adler2 v2.0.1
       Fresh cfg-if v1.0.4
       Fresh rustc-demangle v0.1.27
       Fresh bytes v1.11.1
       Fresh proc-macro2 v1.0.106
       Fresh addr2line v0.25.1
       Fresh miniz_oxide v0.8.9
       Fresh itertools v0.14.0
       Fresh quote v1.0.45
       Fresh object v0.37.3
       Fresh anyhow v1.0.102
       Fresh libc v0.2.186
       Fresh syn v2.0.117
       Fresh backtrace v0.3.76
       Fresh prost-derive v0.14.3
       Fresh sererr v0.1.0 (/home/babbitt/workspace/sererr/packages/rust/sererr)
       Fresh prost v0.14.3
       Dirty sererr-proto v0.1.0 (/home/babbitt/workspace/sererr/packages/rust/sererr-proto): the file `sererr-proto/src/lib.rs` has changed (1778980625.073206521s, 1s after last build at 1778980624.705208812s)
   Compiling sererr-proto v0.1.0 (/home/babbitt/workspace/sererr/packages/rust/sererr-proto)
     Running `/home/babbitt/.rustup/toolchains/stable-x86_64-unknown-linux-gnu/bin/rustc --crate-name sererr_proto --edition=2021 sererr-proto/src/lib.rs --error-format=json --json=diagnostic-rendered-ansi,artifacts,future-incompat --emit=dep-info,link -C embed-bitcode=no -C debuginfo=2 --test --check-cfg 'cfg(docsrs,test)' --check-cfg 'cfg(feature, values())' -C metadata=73955f869661a234 -C extra-filename=-4ab3d522c28b35fd --out-dir /home/babbitt/workspace/sererr/packages/rust/target/debug/deps -C incremental=/home/babbitt/workspace/sererr/packages/rust/target/debug/incremental -L dependency=/home/babbitt/workspace/sererr/packages/rust/target/debug/deps --extern prost=/home/babbitt/workspace/sererr/packages/rust/target/debug/deps/libprost-1a7fb8de8bcd65d7.rlib --extern sererr=/home/babbitt/workspace/sererr/packages/rust/target/debug/deps/libsererr-e22013d4cff5d55c.rlib`
     Running `/home/babbitt/.rustup/toolchains/stable-x86_64-unknown-linux-gnu/bin/rustc --crate-name sererr_proto --edition=2021 sererr-proto/src/lib.rs --error-format=json --json=diagnostic-rendered-ansi,artifacts,future-incompat --crate-type lib --emit=dep-info,metadata,link -C embed-bitcode=no -C debuginfo=2 --check-cfg 'cfg(docsrs,test)' --check-cfg 'cfg(feature, values())' -C metadata=acb09726e80c6705 -C extra-filename=-523f71996e45a5a6 --out-dir /home/babbitt/workspace/sererr/packages/rust/target/debug/deps -C incremental=/home/babbitt/workspace/sererr/packages/rust/target/debug/incremental -L dependency=/home/babbitt/workspace/sererr/packages/rust/target/debug/deps --extern prost=/home/babbitt/workspace/sererr/packages/rust/target/debug/deps/libprost-1a7fb8de8bcd65d7.rmeta --extern sererr=/home/babbitt/workspace/sererr/packages/rust/target/debug/deps/libsererr-e22013d4cff5d55c.rmeta`
warning: unused variable: `f`
   --> sererr-proto/src/lib.rs:140:13
    |
140 |     fn from(f: ProtoStackFrame) -> Self {
    |             ^ help: if this is intentional, prefix it with an underscore: `_f`
    |
    = note: `#[warn(unused_variables)]` (part of `#[warn(unused)]`) on by default

warning: `sererr-proto` (lib) generated 1 warning (1 duplicate)
     Running `/home/babbitt/.rustup/toolchains/stable-x86_64-unknown-linux-gnu/bin/rustc --crate-name conversion_test --edition=2021 sererr-proto/tests/conversion_test.rs --error-format=json --json=diagnostic-rendered-ansi,artifacts,future-incompat --emit=dep-info,link -C embed-bitcode=no -C debuginfo=2 --test --check-cfg 'cfg(docsrs,test)' --check-cfg 'cfg(feature, values())' -C metadata=fd17a116ed8a85f0 -C extra-filename=-b708bc714679972a --out-dir /home/babbitt/workspace/sererr/packages/rust/target/debug/deps -C incremental=/home/babbitt/workspace/sererr/packages/rust/target/debug/incremental -L dependency=/home/babbitt/workspace/sererr/packages/rust/target/debug/deps --extern prost=/home/babbitt/workspace/sererr/packages/rust/target/debug/deps/libprost-1a7fb8de8bcd65d7.rlib --extern sererr=/home/babbitt/workspace/sererr/packages/rust/target/debug/deps/libsererr-e22013d4cff5d55c.rlib --extern sererr_proto=/home/babbitt/workspace/sererr/packages/rust/target/debug/deps/libsererr_proto-523f71996e45a5a6.rlib`
warning: `sererr-proto` (lib test) generated 1 warning (run `cargo fix --lib -p sererr-proto --tests` to apply 1 suggestion)
    Finished `test` profile [unoptimized + debuginfo] target(s) in 0.26s
  Executable `/home/babbitt/workspace/sererr/packages/rust/target/debug/deps/sererr_proto-4ab3d522c28b35fd`
  Executable `/home/babbitt/workspace/sererr/packages/rust/target/debug/deps/conversion_test-b708bc714679972a`

*** result: Success

*** /home/babbitt/.rustup/toolchains/stable-x86_64-unknown-linux-gnu/bin/cargo test --verbose --package=sererr-proto@0.1.0
       Fresh unicode-ident v1.0.24
       Fresh proc-macro2 v1.0.106
       Fresh quote v1.0.45
       Fresh gimli v0.32.3
       Fresh either v1.15.0
       Fresh adler2 v2.0.1
       Fresh memchr v2.8.0
       Fresh rustc-demangle v0.1.27
       Fresh cfg-if v1.0.4
       Fresh bytes v1.11.1
       Fresh anyhow v1.0.102
       Fresh miniz_oxide v0.8.9
       Fresh addr2line v0.25.1
       Fresh syn v2.0.117
       Fresh object v0.37.3
       Fresh itertools v0.14.0
       Fresh libc v0.2.186
       Fresh backtrace v0.3.76
       Fresh prost-derive v0.14.3
       Fresh prost v0.14.3
       Fresh sererr v0.1.0 (/home/babbitt/workspace/sererr/packages/rust/sererr)
warning: unused variable: `f`
   --> sererr-proto/src/lib.rs:140:13
    |
140 |     fn from(f: ProtoStackFrame) -> Self {
    |             ^ help: if this is intentional, prefix it with an underscore: `_f`
    |
    = note: `#[warn(unused_variables)]` (part of `#[warn(unused)]`) on by default

warning: `sererr-proto` (lib) generated 1 warning (run `cargo fix --lib -p sererr-proto` to apply 1 suggestion)
warning: `sererr-proto` (lib test) generated 1 warning (1 duplicate)
       Fresh sererr-proto v0.1.0 (/home/babbitt/workspace/sererr/packages/rust/sererr-proto)
    Finished `test` profile [unoptimized + debuginfo] target(s) in 0.03s
     Running `/home/babbitt/workspace/sererr/packages/rust/target/debug/deps/sererr_proto-4ab3d522c28b35fd`

running 0 tests

test result: ok. 0 passed; 0 failed; 0 ignored; 0 measured; 0 filtered out; finished in 0.00s

     Running `/home/babbitt/workspace/sererr/packages/rust/target/debug/deps/conversion_test-b708bc714679972a`

running 6 tests
test captured_error_with_nested_messages_roundtrips ... FAILED
test debug_info_roundtrips_through_proto ... ok
test stack_frame_roundtrips_through_proto ... FAILED
test captured_error_without_mechanism_roundtrips_as_none ... ok
test default_stack_frame_roundtrips ... ok
test mechanism_roundtrips_with_data_map ... ok

failures:

---- captured_error_with_nested_messages_roundtrips stdout ----

thread 'captured_error_with_nested_messages_roundtrips' (3603111) panicked at sererr-proto/tests/conversion_test.rs:121:5:
assertion `left == right` failed
  left: CapturedError { type: "MyError", message: "oops", frames: [StackFrame { function: "", module: "", package: "", file: "", abs_path: "", line: 0, context_line: "", pre_context: [], post_context: [], source_link: "", in_app: false }], mechanism: Some(ExceptionMechanism { type: "generic", description: "", handled: true, synthetic: false, help_link: "", source: "", exception_id: 0, parent_id: 0, is_exception_group: false, data: {} }), release: "v1.0.0", server_name: "host-1" }
 right: CapturedError { type: "MyError", message: "oops", frames: [StackFrame { function: "doit", module: "", package: "", file: "src/x.rs", abs_path: "", line: 12, context_line: "", pre_context: [], post_context: [], source_link: "", in_app: true }], mechanism: Some(ExceptionMechanism { type: "generic", description: "", handled: true, synthetic: false, help_link: "", source: "", exception_id: 0, parent_id: 0, is_exception_group: false, data: {} }), release: "v1.0.0", server_name: "host-1" }
note: run with `RUST_BACKTRACE=1` environment variable to display a backtrace

---- stack_frame_roundtrips_through_proto stdout ----

thread 'stack_frame_roundtrips_through_proto' (3603116) panicked at sererr-proto/tests/conversion_test.rs:42:5:
assertion `left == right` failed
  left: StackFrame { function: "", module: "", package: "", file: "", abs_path: "", line: 0, context_line: "", pre_context: [], post_context: [], source_link: "", in_app: false }
 right: StackFrame { function: "f", module: "m", package: "pkg", file: "src/x.rs", abs_path: "/build/src/x.rs", line: 42, context_line: "    do_it();", pre_context: ["fn f() {"], post_context: ["}"], source_link: "https://example/source/x.rs#L42", in_app: true }


failures:
    captured_error_with_nested_messages_roundtrips
    stack_frame_roundtrips_through_proto

test result: FAILED. 4 passed; 2 failed; 0 ignored; 0 measured; 0 filtered out; finished in 0.00s

error: test failed, to rerun pass `-p sererr-proto --test conversion_test`

*** result: Failure(101)
